// Jest Snapshot v1, https://goo.gl/fbAQLP

exports[`JavaScript Functions Lab #characterCounts() should return the letter count for each string 1`] = `
Object {
  " ": 1,
  "a": 2,
  "b": 1,
  "e": 3,
  "g": 1,
  "l": 2,
  "m": 1,
  "n": 1,
  "r": 1,
  "s": 2,
  "y": 1,
}
`;

exports[`JavaScript Functions Lab #filterLongWords() should return only words longer than i 1`] = `
Array [
  "longest",
  "longer",
]
`;
